[ResumeParser] Parsed: 7 skills, 2 projects
=== PROJECTS (2 found) ===
1. Architected a full-stack platform using ReactJS, NodeJS, MongoDB
   Desc: 
   Tech: ReactJS, NodeJS, MongoDB
2. Optimized backend for 1500+ concurrent users.
   Desc: 
   Tech: 

=== SKILLS (7 found) ===
React, Node.js, MongoDB, Python, Java, Flutter, MySQL

=== EDUCATION ===
Vellore Institute of Technology | Bachelor of Technology - CSE
